// Jest Snapshot v1, https://goo.gl/fbAQLP

exports[`<HoverCard/> renders HoverCardContent correctly 1`] = `<DocumentFragment />`;

exports[`<HoverCard/> renders HoverCardTrigger correctly 1`] = `
<DocumentFragment>
  <a
    data-state="closed"
  >
    Hover me
  </a>
</DocumentFragment>
`;

exports[`<HoverCard/> renders correctly 1`] = `
<DocumentFragment>
  <a
    data-state="closed"
  >
    Hover me
  </a>
</DocumentFragment>
`;
